// Jest Snapshot v1, https://goo.gl/fbAQLP

exports[`MoviesContainer Should compare MoviesContainer component with a snapshot 1`] = `
<div
  className="movies-container"
/>
`;
